1..3
ok 1 say one
not ok 2 say two
# (in test file middle_fails.bats, line 18)
#   `[ "$output" == "two" ]' failed
ok 3 say three
