Error: Test file "/home/glennj/src/exercism/tooling/awk-test-runner/tests/data/missing_test/missing_test_test.sh" does not exist
