1..1
not ok 1 say hello
# (in test file missing_script.bats, line 7)
#   `[ "$status" -eq 0 ]' failed
