1..3
ok 1 say one
ok 2 say two
not ok 3 say three
# (in test file last_fails_test.sh, line 26)
#   `[ "$output" == "three" ]' failed
