1..3
not ok 1 say one
# (in test file this_is_the_test_script.bats, line 6)
#   `[ "$output" == "one" ]' failed
ok 2 say two
ok 3 say three
